---
source: tests/plan_snapshots.rs
expression: redacted
---
{
  "ai_native_paths": [
    "AGENTS.md"
  ],
  "catalog_digest": "<CATALOG_DIGEST>",
  "composition": {
    "archetype": "cli",
    "ordered_profiles": [],
    "unit_ids": [
      "core",
      "cli"
    ]
  },
  "dependency_deltas": [
    {
      "dev": false,
      "features": [
        "derive"
      ],
      "name": "clap",
      "version_req": "4"
    }
  ],
  "destination_policy": "missing",
  "foundry_version": "<FOUNDRY_VERSION>",
  "normalized_spec": {
    "archetype": "cli",
    "description": "Minimal cli cell for validate/plan goldens",
    "destination": "./example-cli",
    "name": "example-cli",
    "profiles": [],
    "schema": 1,
    "source": "examples/minimal-cli.toml",
    "verify": "default"
  },
  "ok": true,
  "plan_sha256": "<PLAN_SHA256>",
  "planned_files": [
    {
      "content_digest": "a3feaef309f1d53f690c0408bb997b8ee54832200eec70f769f0ad55c0e64c99",
      "mode": "file",
      "path": ".gitignore"
    },
    {
      "content_digest": "ddc22061c1c47107871e8d28c0d4dd5ce588ca17b7b496c006d9f4e1a94a471d",
      "mode": "file",
      "path": "AGENTS.md"
    },
    {
      "content_digest": "8b50c9e00c0510a9e1609d1d1161989a5f22050bcd83b84b2c27663186d6d546",
      "mode": "file",
      "path": "Cargo.toml"
    },
    {
      "content_digest": "9a09f6c3829d34c7c5e1c1100ba9a95f1f5807f6898c411aa761abf2a5d072ab",
      "mode": "file",
      "path": "README.md"
    },
    {
      "content_digest": "cd4f7da719c0d3a535448925a085aa9eecc971598ed0cd414919af7b8e5eb30e",
      "mode": "file",
      "path": "justfile"
    },
    {
      "content_digest": "55298905deb5fab7ccb177ffc719cc501277d8d5cf9c7ed38ccccc418f1ea76f",
      "mode": "file",
      "path": "rust-toolchain.toml"
    },
    {
      "content_digest": "2991114fe149f7c0c5afe9919603fb12ab882b29d4c80a652d0ad60f5d4ab2d5",
      "mode": "file",
      "path": "src/main.rs"
    }
  ],
  "verify": "default",
  "warnings": [
    "destination_policy=missing at pure Construct; generate re-validates emptiness (REQ-051)"
  ]
}
