---
source: tests/plan_snapshots.rs
expression: redacted
---
{
  "ai_native_paths": [
    "AGENTS.md"
  ],
  "catalog_digest": "<CATALOG_DIGEST>",
  "composition": {
    "archetype": "cli",
    "ordered_profiles": [],
    "unit_ids": [
      "core",
      "cli"
    ]
  },
  "dependency_deltas": [
    {
      "dev": false,
      "features": [
        "derive"
      ],
      "name": "clap",
      "version_req": "4"
    }
  ],
  "destination_policy": "missing",
  "foundry_version": "<FOUNDRY_VERSION>",
  "normalized_spec": {
    "archetype": "cli",
    "description": "Minimal cli cell for validate/plan goldens",
    "destination": "./example-cli",
    "name": "example-cli",
    "profiles": [],
    "schema": 1,
    "source": "examples/minimal-cli.toml",
    "verify": "default"
  },
  "ok": true,
  "plan_sha256": "<PLAN_SHA256>",
  "planned_files": [
    {
      "content_digest": "306fd52e74fca6746e12acc750f232de15e71da917756a1270d74c91f5eb7368",
      "mode": "file",
      "path": ".gitignore"
    },
    {
      "content_digest": "9cb2a8517e2c5484bc4dec9ad1dbf6c39a2782db533724299293b2bb3f32e22e",
      "mode": "file",
      "path": "AGENTS.md"
    },
    {
      "content_digest": "12f5fe851cb04a2164732cc5b4026e4fd9b563974a1600ac1f0db21e3d85c847",
      "mode": "file",
      "path": "Cargo.toml"
    },
    {
      "content_digest": "ca893eb8cb9133dd3c0cd438535f11ebe3061076d26ab84d9e0554aba753c8cb",
      "mode": "file",
      "path": "README.md"
    },
    {
      "content_digest": "25c57d120971d61ff6cf71da59d8748afa745a9b3859afd61cdba46230282068",
      "mode": "file",
      "path": "src/main.rs"
    }
  ],
  "verify": "default",
  "warnings": [
    "stub catalog: PHASE-01 fixture tree until MS-007 embed",
    "destination_policy=missing at pure Construct; generate re-validates emptiness (REQ-051)"
  ]
}
